nohup: ignoring input
📅 开始执行任务，当前日期: 20250619
📂 待处理文件数量: 27
🔢 待测试的percentage_Dimension值: [20, 30, 40, 50]

🔄 开始处理 percentage_Dimension=20 的任务...

➡️ 正在执行: omi-1 (percentage=20)
日志文件将保存到: location_log/omi_20250619/p20/omi-1.log
✅ omi-1 (p=20) 执行完成

➡️ 正在执行: omi-2 (percentage=20)
日志文件将保存到: location_log/omi_20250619/p20/omi-2.log
✅ omi-2 (p=20) 执行完成

➡️ 正在执行: omi-3 (percentage=20)
日志文件将保存到: location_log/omi_20250619/p20/omi-3.log
✅ omi-3 (p=20) 执行完成

➡️ 正在执行: omi-4 (percentage=20)
日志文件将保存到: location_log/omi_20250619/p20/omi-4.log
✅ omi-4 (p=20) 执行完成

➡️ 正在执行: omi-5 (percentage=20)
日志文件将保存到: location_log/omi_20250619/p20/omi-5.log
✅ omi-5 (p=20) 执行完成

➡️ 正在执行: omi-6 (percentage=20)
日志文件将保存到: location_log/omi_20250619/p20/omi-6.log
✅ omi-6 (p=20) 执行完成

➡️ 正在执行: omi-7 (percentage=20)
日志文件将保存到: location_log/omi_20250619/p20/omi-7.log
✅ omi-7 (p=20) 执行完成

➡️ 正在执行: omi-8 (percentage=20)
日志文件将保存到: location_log/omi_20250619/p20/omi-8.log
✅ omi-8 (p=20) 执行完成

➡️ 正在执行: omi-9 (percentage=20)
日志文件将保存到: location_log/omi_20250619/p20/omi-9.log
✅ omi-9 (p=20) 执行完成

➡️ 正在执行: omi-10 (percentage=20)
日志文件将保存到: location_log/omi_20250619/p20/omi-10.log
✅ omi-10 (p=20) 执行完成

➡️ 正在执行: omi-11 (percentage=20)
日志文件将保存到: location_log/omi_20250619/p20/omi-11.log
✅ omi-11 (p=20) 执行完成

➡️ 正在执行: omi-12 (percentage=20)
日志文件将保存到: location_log/omi_20250619/p20/omi-12.log
✅ omi-12 (p=20) 执行完成

➡️ 正在执行: machine-1-1 (percentage=20)
日志文件将保存到: location_log/machine_20250619/p20/machine-1-1.log
✅ machine-1-1 (p=20) 执行完成

➡️ 正在执行: machine-1-6 (percentage=20)
日志文件将保存到: location_log/machine_20250619/p20/machine-1-6.log
✅ machine-1-6 (p=20) 执行完成

➡️ 正在执行: machine-1-7 (percentage=20)
日志文件将保存到: location_log/machine_20250619/p20/machine-1-7.log
✅ machine-1-7 (p=20) 执行完成

➡️ 正在执行: machine-2-1 (percentage=20)
日志文件将保存到: location_log/machine_20250619/p20/machine-2-1.log
✅ machine-2-1 (p=20) 执行完成

➡️ 正在执行: machine-2-2 (percentage=20)
日志文件将保存到: location_log/machine_20250619/p20/machine-2-2.log
✅ machine-2-2 (p=20) 执行完成

➡️ 正在执行: machine-2-3 (percentage=20)
日志文件将保存到: location_log/machine_20250619/p20/machine-2-3.log
✅ machine-2-3 (p=20) 执行完成

➡️ 正在执行: machine-2-4 (percentage=20)
日志文件将保存到: location_log/machine_20250619/p20/machine-2-4.log
✅ machine-2-4 (p=20) 执行完成

➡️ 正在执行: machine-2-7 (percentage=20)
日志文件将保存到: location_log/machine_20250619/p20/machine-2-7.log
✅ machine-2-7 (p=20) 执行完成

➡️ 正在执行: machine-2-8 (percentage=20)
日志文件将保存到: location_log/machine_20250619/p20/machine-2-8.log
✅ machine-2-8 (p=20) 执行完成

➡️ 正在执行: machine-3-3 (percentage=20)
日志文件将保存到: location_log/machine_20250619/p20/machine-3-3.log
✅ machine-3-3 (p=20) 执行完成

➡️ 正在执行: machine-3-4 (percentage=20)
日志文件将保存到: location_log/machine_20250619/p20/machine-3-4.log
✅ machine-3-4 (p=20) 执行完成

➡️ 正在执行: machine-3-6 (percentage=20)
日志文件将保存到: location_log/machine_20250619/p20/machine-3-6.log
✅ machine-3-6 (p=20) 执行完成

➡️ 正在执行: machine-3-8 (percentage=20)
日志文件将保存到: location_log/machine_20250619/p20/machine-3-8.log
✅ machine-3-8 (p=20) 执行完成

➡️ 正在执行: machine-3-10 (percentage=20)
日志文件将保存到: location_log/machine_20250619/p20/machine-3-10.log
✅ machine-3-10 (p=20) 执行完成

➡️ 正在执行: machine-3-11 (percentage=20)
日志文件将保存到: location_log/machine_20250619/p20/machine-3-11.log
✅ machine-3-11 (p=20) 执行完成
✅ 已完成 percentage_Dimension=20 的所有任务

🔄 开始处理 percentage_Dimension=30 的任务...

➡️ 正在执行: omi-1 (percentage=30)
日志文件将保存到: location_log/omi_20250619/p30/omi-1.log
✅ omi-1 (p=30) 执行完成

➡️ 正在执行: omi-2 (percentage=30)
日志文件将保存到: location_log/omi_20250619/p30/omi-2.log
✅ omi-2 (p=30) 执行完成

➡️ 正在执行: omi-3 (percentage=30)
日志文件将保存到: location_log/omi_20250619/p30/omi-3.log
✅ omi-3 (p=30) 执行完成

➡️ 正在执行: omi-4 (percentage=30)
日志文件将保存到: location_log/omi_20250619/p30/omi-4.log
✅ omi-4 (p=30) 执行完成

➡️ 正在执行: omi-5 (percentage=30)
日志文件将保存到: location_log/omi_20250619/p30/omi-5.log
✅ omi-5 (p=30) 执行完成

➡️ 正在执行: omi-6 (percentage=30)
日志文件将保存到: location_log/omi_20250619/p30/omi-6.log
✅ omi-6 (p=30) 执行完成

➡️ 正在执行: omi-7 (percentage=30)
日志文件将保存到: location_log/omi_20250619/p30/omi-7.log
✅ omi-7 (p=30) 执行完成

➡️ 正在执行: omi-8 (percentage=30)
日志文件将保存到: location_log/omi_20250619/p30/omi-8.log
✅ omi-8 (p=30) 执行完成

➡️ 正在执行: omi-9 (percentage=30)
日志文件将保存到: location_log/omi_20250619/p30/omi-9.log
✅ omi-9 (p=30) 执行完成

➡️ 正在执行: omi-10 (percentage=30)
日志文件将保存到: location_log/omi_20250619/p30/omi-10.log
✅ omi-10 (p=30) 执行完成

➡️ 正在执行: omi-11 (percentage=30)
日志文件将保存到: location_log/omi_20250619/p30/omi-11.log
✅ omi-11 (p=30) 执行完成

➡️ 正在执行: omi-12 (percentage=30)
日志文件将保存到: location_log/omi_20250619/p30/omi-12.log
✅ omi-12 (p=30) 执行完成

➡️ 正在执行: machine-1-1 (percentage=30)
日志文件将保存到: location_log/machine_20250619/p30/machine-1-1.log
✅ machine-1-1 (p=30) 执行完成

➡️ 正在执行: machine-1-6 (percentage=30)
日志文件将保存到: location_log/machine_20250619/p30/machine-1-6.log
✅ machine-1-6 (p=30) 执行完成

➡️ 正在执行: machine-1-7 (percentage=30)
日志文件将保存到: location_log/machine_20250619/p30/machine-1-7.log
✅ machine-1-7 (p=30) 执行完成

➡️ 正在执行: machine-2-1 (percentage=30)
日志文件将保存到: location_log/machine_20250619/p30/machine-2-1.log
✅ machine-2-1 (p=30) 执行完成

➡️ 正在执行: machine-2-2 (percentage=30)
日志文件将保存到: location_log/machine_20250619/p30/machine-2-2.log
✅ machine-2-2 (p=30) 执行完成

➡️ 正在执行: machine-2-3 (percentage=30)
日志文件将保存到: location_log/machine_20250619/p30/machine-2-3.log
✅ machine-2-3 (p=30) 执行完成

➡️ 正在执行: machine-2-4 (percentage=30)
日志文件将保存到: location_log/machine_20250619/p30/machine-2-4.log
✅ machine-2-4 (p=30) 执行完成

➡️ 正在执行: machine-2-7 (percentage=30)
日志文件将保存到: location_log/machine_20250619/p30/machine-2-7.log
✅ machine-2-7 (p=30) 执行完成

➡️ 正在执行: machine-2-8 (percentage=30)
日志文件将保存到: location_log/machine_20250619/p30/machine-2-8.log
✅ machine-2-8 (p=30) 执行完成

➡️ 正在执行: machine-3-3 (percentage=30)
日志文件将保存到: location_log/machine_20250619/p30/machine-3-3.log
✅ machine-3-3 (p=30) 执行完成

➡️ 正在执行: machine-3-4 (percentage=30)
日志文件将保存到: location_log/machine_20250619/p30/machine-3-4.log
✅ machine-3-4 (p=30) 执行完成

➡️ 正在执行: machine-3-6 (percentage=30)
日志文件将保存到: location_log/machine_20250619/p30/machine-3-6.log
✅ machine-3-6 (p=30) 执行完成

➡️ 正在执行: machine-3-8 (percentage=30)
日志文件将保存到: location_log/machine_20250619/p30/machine-3-8.log
✅ machine-3-8 (p=30) 执行完成

➡️ 正在执行: machine-3-10 (percentage=30)
日志文件将保存到: location_log/machine_20250619/p30/machine-3-10.log
✅ machine-3-10 (p=30) 执行完成

➡️ 正在执行: machine-3-11 (percentage=30)
日志文件将保存到: location_log/machine_20250619/p30/machine-3-11.log
✅ machine-3-11 (p=30) 执行完成
✅ 已完成 percentage_Dimension=30 的所有任务

🔄 开始处理 percentage_Dimension=40 的任务...

➡️ 正在执行: omi-1 (percentage=40)
日志文件将保存到: location_log/omi_20250619/p40/omi-1.log
✅ omi-1 (p=40) 执行完成

➡️ 正在执行: omi-2 (percentage=40)
日志文件将保存到: location_log/omi_20250619/p40/omi-2.log
✅ omi-2 (p=40) 执行完成

➡️ 正在执行: omi-3 (percentage=40)
日志文件将保存到: location_log/omi_20250619/p40/omi-3.log
✅ omi-3 (p=40) 执行完成

➡️ 正在执行: omi-4 (percentage=40)
日志文件将保存到: location_log/omi_20250619/p40/omi-4.log
✅ omi-4 (p=40) 执行完成

➡️ 正在执行: omi-5 (percentage=40)
日志文件将保存到: location_log/omi_20250619/p40/omi-5.log
✅ omi-5 (p=40) 执行完成

➡️ 正在执行: omi-6 (percentage=40)
日志文件将保存到: location_log/omi_20250619/p40/omi-6.log
✅ omi-6 (p=40) 执行完成

➡️ 正在执行: omi-7 (percentage=40)
日志文件将保存到: location_log/omi_20250619/p40/omi-7.log
✅ omi-7 (p=40) 执行完成

➡️ 正在执行: omi-8 (percentage=40)
日志文件将保存到: location_log/omi_20250619/p40/omi-8.log
✅ omi-8 (p=40) 执行完成

➡️ 正在执行: omi-9 (percentage=40)
日志文件将保存到: location_log/omi_20250619/p40/omi-9.log
✅ omi-9 (p=40) 执行完成

➡️ 正在执行: omi-10 (percentage=40)
日志文件将保存到: location_log/omi_20250619/p40/omi-10.log
✅ omi-10 (p=40) 执行完成

➡️ 正在执行: omi-11 (percentage=40)
日志文件将保存到: location_log/omi_20250619/p40/omi-11.log
✅ omi-11 (p=40) 执行完成

➡️ 正在执行: omi-12 (percentage=40)
日志文件将保存到: location_log/omi_20250619/p40/omi-12.log
✅ omi-12 (p=40) 执行完成

➡️ 正在执行: machine-1-1 (percentage=40)
日志文件将保存到: location_log/machine_20250619/p40/machine-1-1.log
✅ machine-1-1 (p=40) 执行完成

➡️ 正在执行: machine-1-6 (percentage=40)
日志文件将保存到: location_log/machine_20250619/p40/machine-1-6.log
✅ machine-1-6 (p=40) 执行完成

➡️ 正在执行: machine-1-7 (percentage=40)
日志文件将保存到: location_log/machine_20250619/p40/machine-1-7.log
✅ machine-1-7 (p=40) 执行完成

➡️ 正在执行: machine-2-1 (percentage=40)
日志文件将保存到: location_log/machine_20250619/p40/machine-2-1.log
✅ machine-2-1 (p=40) 执行完成

➡️ 正在执行: machine-2-2 (percentage=40)
日志文件将保存到: location_log/machine_20250619/p40/machine-2-2.log
✅ machine-2-2 (p=40) 执行完成

➡️ 正在执行: machine-2-3 (percentage=40)
日志文件将保存到: location_log/machine_20250619/p40/machine-2-3.log
✅ machine-2-3 (p=40) 执行完成

➡️ 正在执行: machine-2-4 (percentage=40)
日志文件将保存到: location_log/machine_20250619/p40/machine-2-4.log
✅ machine-2-4 (p=40) 执行完成

➡️ 正在执行: machine-2-7 (percentage=40)
日志文件将保存到: location_log/machine_20250619/p40/machine-2-7.log
✅ machine-2-7 (p=40) 执行完成

➡️ 正在执行: machine-2-8 (percentage=40)
日志文件将保存到: location_log/machine_20250619/p40/machine-2-8.log
✅ machine-2-8 (p=40) 执行完成

➡️ 正在执行: machine-3-3 (percentage=40)
日志文件将保存到: location_log/machine_20250619/p40/machine-3-3.log
✅ machine-3-3 (p=40) 执行完成

➡️ 正在执行: machine-3-4 (percentage=40)
日志文件将保存到: location_log/machine_20250619/p40/machine-3-4.log
✅ machine-3-4 (p=40) 执行完成

➡️ 正在执行: machine-3-6 (percentage=40)
日志文件将保存到: location_log/machine_20250619/p40/machine-3-6.log
✅ machine-3-6 (p=40) 执行完成

➡️ 正在执行: machine-3-8 (percentage=40)
日志文件将保存到: location_log/machine_20250619/p40/machine-3-8.log
✅ machine-3-8 (p=40) 执行完成

➡️ 正在执行: machine-3-10 (percentage=40)
日志文件将保存到: location_log/machine_20250619/p40/machine-3-10.log
✅ machine-3-10 (p=40) 执行完成

➡️ 正在执行: machine-3-11 (percentage=40)
日志文件将保存到: location_log/machine_20250619/p40/machine-3-11.log
✅ machine-3-11 (p=40) 执行完成
✅ 已完成 percentage_Dimension=40 的所有任务

🔄 开始处理 percentage_Dimension=50 的任务...

➡️ 正在执行: omi-1 (percentage=50)
日志文件将保存到: location_log/omi_20250619/p50/omi-1.log
✅ omi-1 (p=50) 执行完成

➡️ 正在执行: omi-2 (percentage=50)
日志文件将保存到: location_log/omi_20250619/p50/omi-2.log
✅ omi-2 (p=50) 执行完成

➡️ 正在执行: omi-3 (percentage=50)
日志文件将保存到: location_log/omi_20250619/p50/omi-3.log
✅ omi-3 (p=50) 执行完成

➡️ 正在执行: omi-4 (percentage=50)
日志文件将保存到: location_log/omi_20250619/p50/omi-4.log
✅ omi-4 (p=50) 执行完成

➡️ 正在执行: omi-5 (percentage=50)
日志文件将保存到: location_log/omi_20250619/p50/omi-5.log
✅ omi-5 (p=50) 执行完成

➡️ 正在执行: omi-6 (percentage=50)
日志文件将保存到: location_log/omi_20250619/p50/omi-6.log
✅ omi-6 (p=50) 执行完成

➡️ 正在执行: omi-7 (percentage=50)
日志文件将保存到: location_log/omi_20250619/p50/omi-7.log
✅ omi-7 (p=50) 执行完成

➡️ 正在执行: omi-8 (percentage=50)
日志文件将保存到: location_log/omi_20250619/p50/omi-8.log
✅ omi-8 (p=50) 执行完成

➡️ 正在执行: omi-9 (percentage=50)
日志文件将保存到: location_log/omi_20250619/p50/omi-9.log
✅ omi-9 (p=50) 执行完成

➡️ 正在执行: omi-10 (percentage=50)
日志文件将保存到: location_log/omi_20250619/p50/omi-10.log
✅ omi-10 (p=50) 执行完成

➡️ 正在执行: omi-11 (percentage=50)
日志文件将保存到: location_log/omi_20250619/p50/omi-11.log
✅ omi-11 (p=50) 执行完成

➡️ 正在执行: omi-12 (percentage=50)
日志文件将保存到: location_log/omi_20250619/p50/omi-12.log
✅ omi-12 (p=50) 执行完成

➡️ 正在执行: machine-1-1 (percentage=50)
日志文件将保存到: location_log/machine_20250619/p50/machine-1-1.log
✅ machine-1-1 (p=50) 执行完成

➡️ 正在执行: machine-1-6 (percentage=50)
日志文件将保存到: location_log/machine_20250619/p50/machine-1-6.log
✅ machine-1-6 (p=50) 执行完成

➡️ 正在执行: machine-1-7 (percentage=50)
日志文件将保存到: location_log/machine_20250619/p50/machine-1-7.log
✅ machine-1-7 (p=50) 执行完成

➡️ 正在执行: machine-2-1 (percentage=50)
日志文件将保存到: location_log/machine_20250619/p50/machine-2-1.log
✅ machine-2-1 (p=50) 执行完成

➡️ 正在执行: machine-2-2 (percentage=50)
日志文件将保存到: location_log/machine_20250619/p50/machine-2-2.log
✅ machine-2-2 (p=50) 执行完成

➡️ 正在执行: machine-2-3 (percentage=50)
日志文件将保存到: location_log/machine_20250619/p50/machine-2-3.log
✅ machine-2-3 (p=50) 执行完成

➡️ 正在执行: machine-2-4 (percentage=50)
日志文件将保存到: location_log/machine_20250619/p50/machine-2-4.log
✅ machine-2-4 (p=50) 执行完成

➡️ 正在执行: machine-2-7 (percentage=50)
日志文件将保存到: location_log/machine_20250619/p50/machine-2-7.log
✅ machine-2-7 (p=50) 执行完成

➡️ 正在执行: machine-2-8 (percentage=50)
日志文件将保存到: location_log/machine_20250619/p50/machine-2-8.log
✅ machine-2-8 (p=50) 执行完成

➡️ 正在执行: machine-3-3 (percentage=50)
日志文件将保存到: location_log/machine_20250619/p50/machine-3-3.log
✅ machine-3-3 (p=50) 执行完成

➡️ 正在执行: machine-3-4 (percentage=50)
日志文件将保存到: location_log/machine_20250619/p50/machine-3-4.log
✅ machine-3-4 (p=50) 执行完成

➡️ 正在执行: machine-3-6 (percentage=50)
日志文件将保存到: location_log/machine_20250619/p50/machine-3-6.log
✅ machine-3-6 (p=50) 执行完成

➡️ 正在执行: machine-3-8 (percentage=50)
日志文件将保存到: location_log/machine_20250619/p50/machine-3-8.log
✅ machine-3-8 (p=50) 执行完成

➡️ 正在执行: machine-3-10 (percentage=50)
日志文件将保存到: location_log/machine_20250619/p50/machine-3-10.log
✅ machine-3-10 (p=50) 执行完成

➡️ 正在执行: machine-3-11 (percentage=50)
日志文件将保存到: location_log/machine_20250619/p50/machine-3-11.log
✅ machine-3-11 (p=50) 执行完成
✅ 已完成 percentage_Dimension=50 的所有任务

==================================================
🔚 所有数据集已处理完毕。统计结果:

🎉 所有任务均执行成功！

执行结束。
